com/iStudent/model/entity/enums/Mark.class
com/iStudent/model/DTOs/ParentDTO.class
com/iStudent/model/validation/ValidGender.class
com/iStudent/service/ParentService.class
com/iStudent/model/entity/enums/MarkEnum.class
com/iStudent/model/validation/PhoneNumber.class
com/iStudent/model/entity/base/BaseEntityWithIdLong.class
com/iStudent/IStudentApplication.class
com/iStudent/model/entity/enums/GenderEnum.class
com/iStudent/model/validation/FieldMatch.class
com/iStudent/model/validation/PhoneNumberValidator.class
com/iStudent/config/ApplicationConfig.class
com/iStudent/model/entity/enums/Gender.class
com/iStudent/model/validation/ValidGenderValidator.class
com/iStudent/model/entity/Parent.class
com/iStudent/model/entity/base/BasePersonEntity.class
com/iStudent/model/DTOs/base/PersonEntityDTO.class
com/iStudent/model/validation/ValidEGNValidator.class
com/iStudent/repository/ParentRepository.class
com/iStudent/web/ParentController.class
com/iStudent/model/validation/FieldMatchValidator.class
com/iStudent/model/validation/ValidEGN.class
