/mnt/c/Users/ricar/Desktop/codigo/Parent/src/main/java/com/iStudent/model/entity/enums/Mark.java
/mnt/c/Users/ricar/Desktop/codigo/Parent/src/main/java/com/iStudent/model/validation/FieldMatchValidator.java
/mnt/c/Users/ricar/Desktop/codigo/Parent/src/main/java/com/iStudent/model/entity/Parent.java
/mnt/c/Users/ricar/Desktop/codigo/Parent/src/main/java/com/iStudent/model/validation/FieldMatch.java
/mnt/c/Users/ricar/Desktop/codigo/Parent/src/main/java/com/iStudent/model/entity/enums/GenderEnum.java
/mnt/c/Users/ricar/Desktop/codigo/Parent/src/main/java/com/iStudent/web/ParentController.java
/mnt/c/Users/ricar/Desktop/codigo/Parent/src/main/java/com/iStudent/config/ApplicationConfig.java
/mnt/c/Users/ricar/Desktop/codigo/Parent/src/main/java/com/iStudent/model/validation/ValidGenderValidator.java
/mnt/c/Users/ricar/Desktop/codigo/Parent/src/main/java/com/iStudent/service/ParentService.java
/mnt/c/Users/ricar/Desktop/codigo/Parent/src/main/java/com/iStudent/model/entity/base/BaseEntityWithIdLong.java
/mnt/c/Users/ricar/Desktop/codigo/Parent/src/main/java/com/iStudent/model/validation/PhoneNumberValidator.java
/mnt/c/Users/ricar/Desktop/codigo/Parent/src/main/java/com/iStudent/IStudentApplication.java
/mnt/c/Users/ricar/Desktop/codigo/Parent/src/main/java/com/iStudent/config/SecurityConfig.java
/mnt/c/Users/ricar/Desktop/codigo/Parent/src/main/java/com/iStudent/model/validation/ValidEGN.java
/mnt/c/Users/ricar/Desktop/codigo/Parent/src/main/java/com/iStudent/model/validation/ValidGender.java
/mnt/c/Users/ricar/Desktop/codigo/Parent/src/main/java/com/iStudent/model/DTOs/base/PersonEntityDTO.java
/mnt/c/Users/ricar/Desktop/codigo/Parent/src/main/java/com/iStudent/model/DTOs/ParentDTO.java
/mnt/c/Users/ricar/Desktop/codigo/Parent/src/main/java/com/iStudent/model/entity/base/BasePersonEntity.java
/mnt/c/Users/ricar/Desktop/codigo/Parent/src/main/java/com/iStudent/model/entity/enums/MarkEnum.java
/mnt/c/Users/ricar/Desktop/codigo/Parent/src/main/java/com/iStudent/model/validation/PhoneNumber.java
/mnt/c/Users/ricar/Desktop/codigo/Parent/src/main/java/com/iStudent/model/entity/enums/Gender.java
/mnt/c/Users/ricar/Desktop/codigo/Parent/src/main/java/com/iStudent/model/validation/ValidEGNValidator.java
/mnt/c/Users/ricar/Desktop/codigo/Parent/src/main/java/com/iStudent/repository/ParentRepository.java
